Windows PowerShell
Copyright (C) Microsoft Corporation. Todos los derechos reservados.

Instale la versión más reciente de PowerShell para obtener nuevas características y mejoras. https://aka.ms/PSWindows

PS C:\Users\tejed> mysqlsh
MySQL Shell 8.0.38

Copyright (c) 2016, 2024, Oracle and/or its affiliates.
Oracle is a registered trademark of Oracle Corporation and/or its affiliates.
Other names may be trademarks of their respective owners.

Type '\help' or '\?' for help; '\quit' to exit.
 MySQL  JS > \sql
Switching to SQL mode... Commands end with ;
 MySQL  SQL > \connect --mc root@localhost
Creating a Classic session to 'root@localhost'
Fetching global names for auto-completion... Press ^C to stop.
Your MySQL connection id is 9
Server version: 8.0.39 MySQL Community Server - GPL
No default schema selected; type \use <schema> to set one.
 MySQL  localhost:3306 ssl  SQL > use tbd_e2;
Default schema set to `tbd_e2`.
Fetching global names, object names from `tbd_e2` for auto-completion... Press ^C to stop.
 MySQL  localhost:3306 ssl  tbd_e2  SQL > select * from factura;
+-------+-----------+
| folio | idCliente |
+-------+-----------+
|     2 |         2 |
|     3 |         2 |
|     5 |         2 |
|     7 |         2 |
|     8 |         5 |
+-------+-----------+
5 rows in set (0.0012 sec)
 MySQL  localhost:3306 ssl  tbd_e2  SQL > select * from cliente;
+----+--------+-----------+---------------+
| id | nombre | apellidos | rfc           |
+----+--------+-----------+---------------+
|  1 | Juan   | Peres     | PEXJ147852369 |
|  2 | Ana    | Montes    | MOXA012365478 |
+----+--------+-----------+---------------+
2 rows in set (0.0022 sec)
 MySQL  localhost:3306 ssl  tbd_e2  SQL > show create table factura;
+---------+------------------------------------------------------------------------------------------------------------------------------------------------------------------------------------------------------------------------------------------+
| Table   | Create Table
                                                                                                                        |
+---------+------------------------------------------------------------------------------------------------------------------------------------------------------------------------------------------------------------------------------------------+
| factura | CREATE TABLE `factura` (
  `folio` int NOT NULL AUTO_INCREMENT,
  `idCliente` int NOT NULL,
  PRIMARY KEY (`folio`),
  KEY `idCliente` (`idCliente`)
) ENGINE=InnoDB AUTO_INCREMENT=9 DEFAULT CHARSET=utf8mb4 COLLATE=utf8mb4_0900_ai_ci |
+---------+------------------------------------------------------------------------------------------------------------------------------------------------------------------------------------------------------------------------------------------+
1 row in set (0.0007 sec)
 MySQL  localhost:3306 ssl  tbd_e2  SQL > alter table factura
                                       -> add constraint foreing key (idcliente)
                                       -> references cliente(id);
ERROR: 1064 (42000): You have an error in your SQL syntax; check the manual that corresponds to your MySQL server version for the right syntax to use near 'key (idcliente)
references cliente(id)' at line 2
 MySQL  localhost:3306 ssl  tbd_e2  SQL > alter table factura add constraint foreign key (idcliente) references cliente(id);
ERROR: 1452 (23000): Cannot add or update a child row: a foreign key constraint fails (`tbd_e2`.`#sql-1700_9`, CONSTRAINT `factura_ibfk_1` FOREIGN KEY (`idCliente`) REFERENCES `cliente` (`id`))
 MySQL  localhost:3306 ssl  tbd_e2  SQL > select * from factura;
+-------+-----------+
| folio | idCliente |
+-------+-----------+
|     2 |         2 |
|     3 |         2 |
|     5 |         2 |
|     7 |         2 |
|     8 |         5 |
+-------+-----------+
5 rows in set (0.0005 sec)
 MySQL  localhost:3306 ssl  tbd_e2  SQL > delete from factura
                                       -> where idcliente = 5;
Query OK, 1 row affected (0.0113 sec)
 MySQL  localhost:3306 ssl  tbd_e2  SQL > select * from factura;
+-------+-----------+
| folio | idCliente |
+-------+-----------+
|     2 |         2 |
|     3 |         2 |
|     5 |         2 |
|     7 |         2 |
+-------+-----------+
4 rows in set (0.0007 sec)
 MySQL  localhost:3306 ssl  tbd_e2  SQL > alter table factura add constraint foreign key (idcliente) references cliente(id);
Query OK, 4 rows affected (0.1202 sec)

Records: 4  Duplicates: 0  Warnings: 0
 MySQL  localhost:3306 ssl  tbd_e2  SQL > show create table factura;
+---------+-------------------------------------------------------------------------------------------------------------------------------------------------------------------------------------------------------------------------------------------------------------------------------------------------------------------------------+
| Table   | Create Table

                                                                                |
+---------+-------------------------------------------------------------------------------------------------------------------------------------------------------------------------------------------------------------------------------------------------------------------------------------------------------------------------------+
| factura | CREATE TABLE `factura` (
  `folio` int NOT NULL AUTO_INCREMENT,
  `idCliente` int NOT NULL,
  PRIMARY KEY (`folio`),
  KEY `idCliente` (`idCliente`),
  CONSTRAINT `factura_ibfk_1` FOREIGN KEY (`idCliente`) REFERENCES `cliente` (`id`)
) ENGINE=InnoDB AUTO_INCREMENT=9 DEFAULT CHARSET=utf8mb4 COLLATE=utf8mb4_0900_ai_ci |
+---------+-------------------------------------------------------------------------------------------------------------------------------------------------------------------------------------------------------------------------------------------------------------------------------------------------------------------------------+
1 row in set (0.0009 sec)
 MySQL  localhost:3306 ssl  tbd_e2  SQL > alter table factura drop CONSTRAINT factura_ibfk_1;
Query OK, 0 rows affected (0.0153 sec)

Records: 0  Duplicates: 0  Warnings: 0
 MySQL  localhost:3306 ssl  tbd_e2  SQL > show create table factura;
+---------+------------------------------------------------------------------------------------------------------------------------------------------------------------------------------------------------------------------------------------------+
| Table   | Create Table
                                                                                                                        |
+---------+------------------------------------------------------------------------------------------------------------------------------------------------------------------------------------------------------------------------------------------+
| factura | CREATE TABLE `factura` (
  `folio` int NOT NULL AUTO_INCREMENT,
  `idCliente` int NOT NULL,
  PRIMARY KEY (`folio`),
  KEY `idCliente` (`idCliente`)
) ENGINE=InnoDB AUTO_INCREMENT=9 DEFAULT CHARSET=utf8mb4 COLLATE=utf8mb4_0900_ai_ci |
+---------+------------------------------------------------------------------------------------------------------------------------------------------------------------------------------------------------------------------------------------------+
1 row in set (0.0008 sec)
 MySQL  localhost:3306 ssl  tbd_e2  SQL > alter table factura add constraint foreign key (idcliente) references cliente(id) on delete RESTRICT on UPDATE RESTRICT;
Query OK, 4 rows affected (0.1132 sec)

Records: 4  Duplicates: 0  Warnings: 0
 MySQL  localhost:3306 ssl  tbd_e2  SQL > SHOW CREATE TABLE factura;
+---------+---------------------------------------------------------------------------------------------------------------------------------------------------------------------------------------------------------------------------------------------------------------------------------------------------------------------------------------------------------------------+
| Table   | Create Table

                                                                                                                      |
+---------+---------------------------------------------------------------------------------------------------------------------------------------------------------------------------------------------------------------------------------------------------------------------------------------------------------------------------------------------------------------------+
| factura | CREATE TABLE `factura` (
  `folio` int NOT NULL AUTO_INCREMENT,
  `idCliente` int NOT NULL,
  PRIMARY KEY (`folio`),
  KEY `idCliente` (`idCliente`),
  CONSTRAINT `factura_ibfk_1` FOREIGN KEY (`idCliente`) REFERENCES `cliente` (`id`) ON DELETE RESTRICT ON UPDATE RESTRICT
) ENGINE=InnoDB AUTO_INCREMENT=9 DEFAULT CHARSET=utf8mb4 COLLATE=utf8mb4_0900_ai_ci |
+---------+---------------------------------------------------------------------------------------------------------------------------------------------------------------------------------------------------------------------------------------------------------------------------------------------------------------------------------------------------------------------+
1 row in set (0.0008 sec)
 MySQL  localhost:3306 ssl  tbd_e2  SQL >  SHOW * factura;
ERROR: 1064 (42000): You have an error in your SQL syntax; check the manual that corresponds to your MySQL server version for the right syntax to use near '* factura' at line 1
 MySQL  localhost:3306 ssl  tbd_e2  SQL > SHOW * from factura;
ERROR: 1064 (42000): You have an error in your SQL syntax; check the manual that corresponds to your MySQL server version for the right syntax to use near '* from factura' at line 1
 MySQL  localhost:3306 ssl  tbd_e2  SQL > SELECT * from factura;
+-------+-----------+
| folio | idCliente |
+-------+-----------+
|     2 |         2 |
|     3 |         2 |
|     5 |         2 |
|     7 |         2 |
+-------+-----------+
4 rows in set (0.0008 sec)
 MySQL  localhost:3306 ssl  tbd_e2  SQL > SELECT * FROM cliente;
+----+--------+-----------+---------------+
| id | nombre | apellidos | rfc           |
+----+--------+-----------+---------------+
|  1 | Juan   | Peres     | PEXJ147852369 |
|  2 | Ana    | Montes    | MOXA012365478 |
+----+--------+-----------+---------------+
2 rows in set (0.0021 sec)
 MySQL  localhost:3306 ssl  tbd_e2  SQL > DELETE from cliente
                                       -> WHERE id = 2;
ERROR: 1451 (23000): Cannot delete or update a parent row: a foreign key constraint fails (`tbd_e2`.`factura`, CONSTRAINT `factura_ibfk_1` FOREIGN KEY (`idCliente`) REFERENCES `cliente` (`id`) ON DELETE RESTRICT ON UPDATE RESTRICT)
 MySQL  localhost:3306 ssl  tbd_e2  SQL > UPDATE cliente
                                       -> SET
                                       -> id = 5
                                       -> WHERE
                                       -> id = 2;
ERROR: 1451 (23000): Cannot delete or update a parent row: a foreign key constraint fails (`tbd_e2`.`factura`, CONSTRAINT `factura_ibfk_1` FOREIGN KEY (`idCliente`) REFERENCES `cliente` (`id`) ON DELETE RESTRICT ON UPDATE RESTRICT)
 MySQL  localhost:3306 ssl  tbd_e2  SQL > ALTER TABLE factura
                                       -> DROP CONSTRAINT factura_ibfk_1;
Query OK, 0 rows affected (0.0410 sec)

Records: 0  Duplicates: 0  Warnings: 0
 MySQL  localhost:3306 ssl  tbd_e2  SQL > ALTER TABLE factura
                                       -> ADD CONSTRAINT FOREIGN KEY (idcliente)
                                       -> REFERENCES cliente(id)
                                       -> on DELETE CASCADE
                                       -> on UPDATE CASCADE;
Query OK, 4 rows affected (0.1149 sec)

Records: 4  Duplicates: 0  Warnings: 0
 MySQL  localhost:3306 ssl  tbd_e2  SQL > UPDATE cliente
                                       -> SET id = 5
                                       -> WHERE id = 2;
Query OK, 1 row affected (0.0296 sec)

Rows matched: 1  Changed: 1  Warnings: 0
 MySQL  localhost:3306 ssl  tbd_e2  SQL > SELECT * FROM cliente;
+----+--------+-----------+---------------+
| id | nombre | apellidos | rfc           |
+----+--------+-----------+---------------+
|  1 | Juan   | Peres     | PEXJ147852369 |
|  5 | Ana    | Montes    | MOXA012365478 |
+----+--------+-----------+---------------+
2 rows in set (0.0008 sec)
 MySQL  localhost:3306 ssl  tbd_e2  SQL > SELECT * FROM factura;
+-------+-----------+
| folio | idCliente |
+-------+-----------+
|     2 |         5 |
|     3 |         5 |
|     5 |         5 |
|     7 |         5 |
+-------+-----------+
4 rows in set (0.0005 sec)
 MySQL  localhost:3306 ssl  tbd_e2  SQL > DELETE from cliente;
Query OK, 2 rows affected (0.0171 sec)
 MySQL  localhost:3306 ssl  tbd_e2  SQL > SELECT * from cliente;
Empty set (0.0006 sec)
 MySQL  localhost:3306 ssl  tbd_e2  SQL > SELECT * from factura;
Empty set (0.0008 sec)
 MySQL  localhost:3306 ssl  tbd_e2  SQL > SELECT * FROM cliente;
Empty set (0.0006 sec)
 MySQL  localhost:3306 ssl  tbd_e2  SQL > SHOW CREATE TABLE factura;
+---------+-------------------------------------------------------------------------------------------------------------------------------------------------------------------------------------------------------------------------------------------------------------------------------------------------------------------------------------------------------------------+
| Table   | Create Table

                                                                                                                    |
+---------+-------------------------------------------------------------------------------------------------------------------------------------------------------------------------------------------------------------------------------------------------------------------------------------------------------------------------------------------------------------------+
| factura | CREATE TABLE `factura` (
  `folio` int NOT NULL AUTO_INCREMENT,
  `idCliente` int NOT NULL,
  PRIMARY KEY (`folio`),
  KEY `idCliente` (`idCliente`),
  CONSTRAINT `factura_ibfk_1` FOREIGN KEY (`idCliente`) REFERENCES `cliente` (`id`) ON DELETE CASCADE ON UPDATE CASCADE
) ENGINE=InnoDB AUTO_INCREMENT=9 DEFAULT CHARSET=utf8mb4 COLLATE=utf8mb4_0900_ai_ci |
+---------+-------------------------------------------------------------------------------------------------------------------------------------------------------------------------------------------------------------------------------------------------------------------------------------------------------------------------------------------------------------------+
1 row in set (0.0009 sec)
 MySQL  localhost:3306 ssl  tbd_e2  SQL >  ALTER TABLE factura
                                       -> DROP CONSTRAINT factura_ibfk_1;
Query OK, 0 rows affected (0.0153 sec)

Records: 0  Duplicates: 0  Warnings: 0
 MySQL  localhost:3306 ssl  tbd_e2  SQL > DESC cliente;
+-----------+-------------+------+-----+---------+----------------+
| Field     | Type        | Null | Key | Default | Extra          |
+-----------+-------------+------+-----+---------+----------------+
| id        | int         | NO   | PRI | NULL    | auto_increment |
| nombre    | varchar(50) | NO   |     | NULL    |                |
| apellidos | varchar(50) | NO   |     | NULL    |                |
| rfc       | varchar(13) | NO   |     | NULL    |                |
+-----------+-------------+------+-----+---------+----------------+
4 rows in set (0.0022 sec)
 MySQL  localhost:3306 ssl  tbd_e2  SQL > INSERT into cliente(nombre, apellidos, rfc)
                                       -> values("Juan", "Perez", "DDFF14785239"),
                                       -> ("XXXXX", "YYYYY", "SDFG12365478");
Query OK, 2 rows affected (0.0193 sec)

Records: 2  Duplicates: 0  Warnings: 0
 MySQL  localhost:3306 ssl  tbd_e2  SQL > SELECT * FROM cliente;
+----+--------+-----------+--------------+
| id | nombre | apellidos | rfc          |
+----+--------+-----------+--------------+
|  6 | Juan   | Perez     | DDFF14785239 |
|  7 | XXXXX  | YYYYY     | SDFG12365478 |
+----+--------+-----------+--------------+
2 rows in set (0.0008 sec)
 MySQL  localhost:3306 ssl  tbd_e2  SQL > INSERT into table factura(idcliente)
                                       -> values (6), (6), (7), (7), (7);
ERROR: 1064 (42000): You have an error in your SQL syntax; check the manual that corresponds to your MySQL server version for the right syntax to use near 'table factura(idcliente)
values (6), (6), (7), (7), (7)' at line 1
 MySQL  localhost:3306 ssl  tbd_e2  SQL > INSERT into factura(idcliente) values (6), (6), (7), (7), (7);
Query OK, 5 rows affected (0.0176 sec)

Records: 5  Duplicates: 0  Warnings: 0
 MySQL  localhost:3306 ssl  tbd_e2  SQL > SELECT * FROM factura;
+-------+-----------+
| folio | idCliente |
+-------+-----------+
|     9 |         6 |
|    10 |         6 |
|    11 |         7 |
|    12 |         7 |
|    13 |         7 |
+-------+-----------+
5 rows in set (0.0008 sec)
 MySQL  localhost:3306 ssl  tbd_e2  SQL > desc factura;
+-----------+------+------+-----+---------+----------------+
| Field     | Type | Null | Key | Default | Extra          |
+-----------+------+------+-----+---------+----------------+
| folio     | int  | NO   | PRI | NULL    | auto_increment |
| idCliente | int  | NO   | MUL | NULL    |                |
+-----------+------+------+-----+---------+----------------+
2 rows in set (0.0023 sec)
 MySQL  localhost:3306 ssl  tbd_e2  SQL > ALTER TABLE factura
                                       -> ADD CONSTRAINT FOREIGN KEY(idcliente)
                                       -> REFERENCES cliente(id)
                                       -> ON DELETE SET NULL
                                       -> ON UPDATE SET NULL;
ERROR: 1830 (HY000): Column 'idcliente' cannot be NOT NULL: needed in a foreign key constraint 'factura_ibfk_1' SET NULL
 MySQL  localhost:3306 ssl  tbd_e2  SQL > ALTER TABLE factura ADD CONSTRAINT FOREIGN KEY(idcliente) REFERENCES cliente(id) ON DELETE NO ACTION ON UPDATE NO ACTION;
Query OK, 5 rows affected (0.1271 sec)

Records: 5  Duplicates: 0  Warnings: 0
 MySQL  localhost:3306 ssl  tbd_e2  SQL > DELETE FROM cliente
                                       -> WHERE id = 6;
ERROR: 1451 (23000): Cannot delete or update a parent row: a foreign key constraint fails (`tbd_e2`.`factura`, CONSTRAINT `factura_ibfk_1` FOREIGN KEY (`idCliente`) REFERENCES `cliente` (`id`))
 MySQL  localhost:3306 ssl  tbd_e2  SQL > UPDATE cliente SET id = 4 where id = 6;
ERROR: 1451 (23000): Cannot delete or update a parent row: a foreign key constraint fails (`tbd_e2`.`factura`, CONSTRAINT `factura_ibfk_1` FOREIGN KEY (`idCliente`) REFERENCES `cliente` (`id`))
 MySQL  localhost:3306 ssl  tbd_e2  SQL > ALTER TABLE factura
                                       -> DROP CONSTRAINT factura_ibfk_1;
Query OK, 0 rows affected (0.0350 sec)

Records: 0  Duplicates: 0  Warnings: 0
 MySQL  localhost:3306 ssl  tbd_e2  SQL > ALTER TABLE factura
                                       -> ADD CONSTRAINT FOREIGN KEY(idcliente)
                                       -> REFERENCES cliente(id)
                                       -> on UPDATE CASCADE
                                       -> on DELETE CASCADE;
Query OK, 5 rows affected (0.1163 sec)

Records: 5  Duplicates: 0  Warnings: 0
 MySQL  localhost:3306 ssl  tbd_e2  SQL >