Windows PowerShell
Copyright (C) Microsoft Corporation. Todos los derechos reservados.

Instale la versión más reciente de PowerShell para obtener nuevas características y mejoras. https://aka.ms/PSWindows

PS C:\Users\tejed> mysqlsh
MySQL Shell 8.0.38

Copyright (c) 2016, 2024, Oracle and/or its affiliates.
Oracle is a registered trademark of Oracle Corporation and/or its affiliates.
Other names may be trademarks of their respective owners.

Type '\help' or '\?' for help; '\quit' to exit.
 MySQL  JS > \sql
Switching to SQL mode... Commands end with ;
 MySQL  SQL > \connect --mc root@localhost
Creating a Classic session to 'root@localhost'
Fetching global names for auto-completion... Press ^C to stop.
Your MySQL connection id is 8
Server version: 8.0.39 MySQL Community Server - GPL
No default schema selected; type \use <schema> to set one.
 MySQL  localhost:3306 ssl  SQL > use tbd_e2;
Default schema set to `tbd_e2`.
Fetching global names, object names from `tbd_e2` for auto-completion... Press ^C to stop.
 MySQL  localhost:3306 ssl  tbd_e2  SQL > show TABLE;
ERROR: 1064 (42000): You have an error in your SQL syntax; check the manual that corresponds to your MySQL server version for the right syntax to use near '' at line 1
 MySQL  localhost:3306 ssl  tbd_e2  SQL > show tables;
+------------------+
| Tables_in_tbd_e2 |
+------------------+
| cliente          |
| factura          |
+------------------+
2 rows in set (0.0135 sec)
 MySQL  localhost:3306 ssl  tbd_e2  SQL > show create TABLE factura;
+---------+--------------------------------------------------------------------------------------------------------------------------------------------------------------------------------------------------------------------------------------------------------------------------------------------------------------------------------------------------------------------+
| Table   | Create Table


                                                       |
+---------+--------------------------------------------------------------------------------------------------------------------------------------------------------------------------------------------------------------------------------------------------------------------------------------------------------------------------------------------------------------------+
| factura | CREATE TABLE `factura` (
  `folio` int NOT NULL AUTO_INCREMENT,
  `idCliente` int NOT NULL,
  PRIMARY KEY (`folio`),
  KEY `idCliente` (`idCliente`),
  CONSTRAINT `factura_ibfk_1` FOREIGN KEY (`idCliente`) REFERENCES `cliente` (`id`) ON DELETE CASCADE ON UPDATE CASCADE
) ENGINE=InnoDB AUTO_INCREMENT=14 DEFAULT CHARSET=utf8mb4 COLLATE=utf8mb4_0900_ai_ci |
+---------+--------------------------------------------------------------------------------------------------------------------------------------------------------------------------------------------------------------------------------------------------------------------------------------------------------------------------------------------------------------------+
1 row in set (0.0075 sec)
 MySQL  localhost:3306 ssl  tbd_e2  SQL > CREATE TABLE factura_detalle(
                                       -> id int key AUTO_INCREMENT,
                                       -> idFactur INT NOT NULL,
                                       -> idProducto INT NOT NULL,
                                       -> cantidad INT NOT NULL,
                                       -> CONSTRAINT FOREIGN KEY(idFactura)
                                       -> REFERENCES factura(folio));
ERROR: 1072 (42000): Key column 'idFactura' doesn't exist in table
 MySQL  localhost:3306 ssl  tbd_e2  SQL > CREATE TABLE factura_detalle( id int key AUTO_INCREMENT, idFactura INT NOT NULL, idProducto INT NOT NULL, cantidad INT NOT NULL, CONSTRAINT FOREIGN KEY(idFactura) REFERENCES factura(folio));
Query OK, 0 rows affected (0.0839 sec)
 MySQL  localhost:3306 ssl  tbd_e2  SQL > SHOW CREATE TABLE factura_detalle;
+-----------------+-----------------------------------------------------------------------------------------------------------------------------------------------------------------------------------------------------------------------------------------------------------------------------------------------------------------------------------------------------------------------------------+
| Table           | Create Table


                                                                              |
+-----------------+-----------------------------------------------------------------------------------------------------------------------------------------------------------------------------------------------------------------------------------------------------------------------------------------------------------------------------------------------------------------------------------+
| factura_detalle | CREATE TABLE `factura_detalle` (
  `id` int NOT NULL AUTO_INCREMENT,
  `idFactura` int NOT NULL,
  `idProducto` int NOT NULL,
  `cantidad` int NOT NULL,
  PRIMARY KEY (`id`),
  KEY `idFactura` (`idFactura`),
  CONSTRAINT `factura_detalle_ibfk_1` FOREIGN KEY (`idFactura`) REFERENCES `factura` (`folio`)
) ENGINE=InnoDB DEFAULT CHARSET=utf8mb4 COLLATE=utf8mb4_0900_ai_ci |
+-----------------+-----------------------------------------------------------------------------------------------------------------------------------------------------------------------------------------------------------------------------------------------------------------------------------------------------------------------------------------------------------------------------------+
1 row in set (0.0022 sec)
 MySQL  localhost:3306 ssl  tbd_e2  SQL > DROP t
TABLE       TABLES      TABLESPACE  TEMPORARY   TRIGGER
 MySQL  localhost:3306 ssl  tbd_e2  SQL > DROP table factura_detalle;
Query OK, 0 rows affected (0.0446 sec)
 MySQL  localhost:3306 ssl  tbd_e2  SQL > CREATE TABLE factura_detalle( id int key AUTO_INCREMENT, idFactura INT NOT NULL, idProducto INT NOT NULL, cantidad INT NOT NULL, CONSTRAINT FOREIGN KEY(idFactura) REFERENCES factura(folio) on DELETE CASCADE on UPDATE CASCADE);
Query OK, 0 rows affected (0.0729 sec)
 MySQL  localhost:3306 ssl  tbd_e2  SQL > SHOW CREATE TABLE factura_detalle;
+-----------------+-----------------------------------------------------------------------------------------------------------------------------------------------------------------------------------------------------------------------------------------------------------------------------------------------------------------------------------------------------------------------------------------------------------------------+
| Table           | Create Table



          |
+-----------------+-----------------------------------------------------------------------------------------------------------------------------------------------------------------------------------------------------------------------------------------------------------------------------------------------------------------------------------------------------------------------------------------------------------------------+
| factura_detalle | CREATE TABLE `factura_detalle` (
  `id` int NOT NULL AUTO_INCREMENT,
  `idFactura` int NOT NULL,
  `idProducto` int NOT NULL,
  `cantidad` int NOT NULL,
  PRIMARY KEY (`id`),
  KEY `idFactura` (`idFactura`),
  CONSTRAINT `factura_detalle_ibfk_1` FOREIGN KEY (`idFactura`) REFERENCES `factura` (`folio`) ON DELETE CASCADE ON UPDATE CASCADE
) ENGINE=InnoDB DEFAULT CHARSET=utf8mb4 COLLATE=utf8mb4_0900_ai_ci |
+-----------------+-----------------------------------------------------------------------------------------------------------------------------------------------------------------------------------------------------------------------------------------------------------------------------------------------------------------------------------------------------------------------------------------------------------------------+
1 row in set (0.0022 sec)
 MySQL  localhost:3306 ssl  tbd_e2  SQL > SELECT * FROM cliente;
+----+--------+-----------+--------------+
| id | nombre | apellidos | rfc          |
+----+--------+-----------+--------------+
|  6 | Juan   | Perez     | DDFF14785239 |
|  7 | XXXXX  | YYYYY     | SDFG12365478 |
+----+--------+-----------+--------------+
2 rows in set (0.0268 sec)
 MySQL  localhost:3306 ssl  tbd_e2  SQL > SELECT * FROM factura;
+-------+-----------+
| folio | idCliente |
+-------+-----------+
|     9 |         6 |
|    10 |         6 |
|    11 |         7 |
|    12 |         7 |
|    13 |         7 |
+-------+-----------+
5 rows in set (0.0030 sec)
 MySQL  localhost:3306 ssl  tbd_e2  SQL > INSERT INTO factura_detalle(idFactura,idProducto, cantidad)
                                       -> values (9, 1, 10), (9, 2, 5), (9, 3, 10);
Query OK, 3 rows affected (0.0315 sec)

Records: 3  Duplicates: 0  Warnings: 0
 MySQL  localhost:3306 ssl  tbd_e2  SQL > SELECT FROM factura_detalle;
ERROR: 1064 (42000): You have an error in your SQL syntax; check the manual that corresponds to your MySQL server version for the right syntax to use near 'FROM factura_detalle' at line 1
 MySQL  localhost:3306 ssl  tbd_e2  SQL > SELECT * FROM factura_detalle;
+----+-----------+------------+----------+
| id | idFactura | idProducto | cantidad |
+----+-----------+------------+----------+
|  1 |         9 |          1 |       10 |
|  2 |         9 |          2 |        5 |
|  3 |         9 |          3 |       10 |
+----+-----------+------------+----------+
3 rows in set (0.0007 sec)
 MySQL  localhost:3306 ssl  tbd_e2  SQL > SELECT * from factura WHERE folio = 9;
+-------+-----------+
| folio | idCliente |
+-------+-----------+
|     9 |         6 |
+-------+-----------+
1 row in set (0.0014 sec)
 MySQL  localhost:3306 ssl  tbd_e2  SQL > SELECT * from cliente WHERE id = 6;
+----+--------+-----------+--------------+
| id | nombre | apellidos | rfc          |
+----+--------+-----------+--------------+
|  6 | Juan   | Perez     | DDFF14785239 |
+----+--------+-----------+--------------+
1 row in set (0.0008 sec)
 MySQL  localhost:3306 ssl  tbd_e2  SQL > UPDATE cliente
                                       -> SET id = 20
                                       -> WHERE id = 6;
Query OK, 1 row affected (0.0201 sec)

Rows matched: 1  Changed: 1  Warnings: 0
 MySQL  localhost:3306 ssl  tbd_e2  SQL > select * from factura;
+-------+-----------+
| folio | idCliente |
+-------+-----------+
|    11 |         7 |
|    12 |         7 |
|    13 |         7 |
|     9 |        20 |
|    10 |        20 |
+-------+-----------+
5 rows in set (0.0008 sec)
 MySQL  localhost:3306 ssl  tbd_e2  SQL > select * from factura_detalle;
+----+-----------+------------+----------+
| id | idFactura | idProducto | cantidad |
+----+-----------+------------+----------+
|  1 |         9 |          1 |       10 |
|  2 |         9 |          2 |        5 |
|  3 |         9 |          3 |       10 |
+----+-----------+------------+----------+
3 rows in set (0.0010 sec)
 MySQL  localhost:3306 ssl  tbd_e2  SQL > select * from factura where folio = 9;
+-------+-----------+
| folio | idCliente |
+-------+-----------+
|     9 |        20 |
+-------+-----------+
1 row in set (0.0009 sec)
 MySQL  localhost:3306 ssl  tbd_e2  SQL > select * FROM cliente where id = 20;
+----+--------+-----------+--------------+
| id | nombre | apellidos | rfc          |
+----+--------+-----------+--------------+
| 20 | Juan   | Perez     | DDFF14785239 |
+----+--------+-----------+--------------+
1 row in set (0.0009 sec)
 MySQL  localhost:3306 ssl  tbd_e2  SQL > DELETE FROM cliente WHERE id = 20;
Query OK, 1 row affected (0.0178 sec)
 MySQL  localhost:3306 ssl  tbd_e2  SQL > SELECT * FROM factura_detalle;
Empty set (0.0008 sec)
 MySQL  localhost:3306 ssl  tbd_e2  SQL > SELECT * from factura;
+-------+-----------+
| folio | idCliente |
+-------+-----------+
|    11 |         7 |
|    12 |         7 |
|    13 |         7 |
+-------+-----------+
3 rows in set (0.0008 sec)
 MySQL  localhost:3306 ssl  tbd_e2  SQL > create TABLE producto(
                                       -> id int KEY AUTO_INCREMENT,
                                       -> nombre VARCHAR(50) NOT NULL,
                                       -> precio DECIMAL(10, 2) NOT NULL);
Query OK, 0 rows affected (0.0775 sec)
 MySQL  localhost:3306 ssl  tbd_e2  SQL > INSERT INTO producto(nombre, precio)
                                       -> values("elote", 20), ("Nachos", 50),
                                       -> ("iPhone", 25);
Query OK, 3 rows affected (0.0184 sec)

Records: 3  Duplicates: 0  Warnings: 0
 MySQL  localhost:3306 ssl  tbd_e2  SQL > SELECT * FROM producto;
+----+--------+--------+
| id | nombre | precio |
+----+--------+--------+
|  1 | elote  |  20.00 |
|  2 | Nachos |  50.00 |
|  3 | iPhone |  25.00 |
+----+--------+--------+
3 rows in set (0.0008 sec)
 MySQL  localhost:3306 ssl  tbd_e2  SQL > DESC factura_detalle;
+------------+------+------+-----+---------+----------------+
| Field      | Type | Null | Key | Default | Extra          |
+------------+------+------+-----+---------+----------------+
| id         | int  | NO   | PRI | NULL    | auto_increment |
| idFactura  | int  | NO   | MUL | NULL    |                |
| idProducto | int  | NO   |     | NULL    |                |
| cantidad   | int  | NO   |     | NULL    |                |
+------------+------+------+-----+---------+----------------+
4 rows in set (0.0024 sec)
 MySQL  localhost:3306 ssl  tbd_e2  SQL > ALTER TABLE factura_detalle
                                       -> ADD CONSTRAINT FOREIGN KEY(idProducto)
                                       -> REFERENCES producto(id)
                                       -> ON DELETE CASCADE
                                       -> ON UPDATE CASCADE;
Query OK, 0 rows affected (0.1436 sec)

Records: 0  Duplicates: 0  Warnings: 0
 MySQL  localhost:3306 ssl  tbd_e2  SQL > SELECT * FROM producto;
+----+--------+--------+
| id | nombre | precio |
+----+--------+--------+
|  1 | elote  |  20.00 |
|  2 | Nachos |  50.00 |
|  3 | iPhone |  25.00 |
+----+--------+--------+
3 rows in set (0.0022 sec)
 MySQL  localhost:3306 ssl  tbd_e2  SQL > INSERT INTO factura_detalle(idFactura, idProducto, cantidad)
                                       -> values (11, 1, 50), (11, 2, 25), (10, 3, 100);
ERROR: 1452 (23000): Cannot add or update a child row: a foreign key constraint fails (`tbd_e2`.`factura_detalle`, CONSTRAINT `factura_detalle_ibfk_1` FOREIGN KEY (`idFactura`) REFERENCES `factura` (`folio`) ON DELETE CASCADE ON UPDATE CASCADE)
 MySQL  localhost:3306 ssl  tbd_e2  SQL > INSERT INTO factura_detalle(idFactura, idProducto, cantidad) values (11, 1, 50), (11, 2, 25), (11, 3, 100);
Query OK, 3 rows affected (0.0181 sec)

Records: 3  Duplicates: 0  Warnings: 0
 MySQL  localhost:3306 ssl  tbd_e2  SQL > SELECT * FROM factura_detalle;
+----+-----------+------------+----------+
| id | idFactura | idProducto | cantidad |
+----+-----------+------------+----------+
|  7 |        11 |          1 |       50 |
|  8 |        11 |          2 |       25 |
|  9 |        11 |          3 |      100 |
+----+-----------+------------+----------+
3 rows in set (0.0011 sec)
 MySQL  localhost:3306 ssl  tbd_e2  SQL > DELETE from producto
                                       -> WHERE id = 3;
Query OK, 1 row affected (0.0210 sec)
 MySQL  localhost:3306 ssl  tbd_e2  SQL > SELECT * FROM factura_detalle;
+----+-----------+------------+----------+
| id | idFactura | idProducto | cantidad |
+----+-----------+------------+----------+
|  7 |        11 |          1 |       50 |
|  8 |        11 |          2 |       25 |
+----+-----------+------------+----------+
2 rows in set (0.0008 sec)
 MySQL  localhost:3306 ssl  tbd_e2  SQL >